python.exe : Warning: You 
are sending unauthenticated 
requests to the HF Hub. 
Please set a HF_TOKEN to 
enable higher rate limits 
and faster downloads.
At line:1 char:1
+ & "c:/Users/fmala/OneDrive/
Desktop/Work Projects 
Project Y/Mzansi-Law ...
+ ~~~~~~~~~~~~~~~~~~~~~~~~~~~
~~~~~~~~~~~~~~~~~~~~~~~~~~~~~
~~~~~~~~~~~~~
    + CategoryInfo           
   : NotSpecified: (Warning  
  : You ar...ster download   
 s.:String) [], RemoteExc    
eption
    + FullyQualifiedErrorId  
   : NativeCommandError
 
--- Mzansi Law GPT: Search Test ---
--- Searching for: 'What rights do I have regarding my personal data?' ---

Loading weights:   0%|       
   | 0/103 [00:00<?, ?it/s]
Loading weights: 
100%|##########| 103/103 
[00:00<00:00, 1700.97it/s]
[1mBertModel LOAD 
REPORT[0m from: sentence-tra
nsformers/all-MiniLM-L6-v2
Key                     | 
Status     |  | 
------------------------+----
--------+--+-
embeddings.position_ids | 
UNEXPECTED |  | 

[3mNotes:
- UNEXPECTED[3m	:can be 
ignored when loading from 
different task/architecture; 
not ok if you expect 
identical arch.[0m

Found 3 relevant sections:

--- Result 1 ---
Source: POPIA - Section 5
Content Snippet: Section 5: Rights of data subjects
    A data subject has the right to have his, her or its personal information processed in accordance with the conditions for the lawful processing of personal information, including the rightù
    (a) to be notified that personal information about him, her or it i...
------------------------------

--- Result 2 ---
Source: POPIA - Section 5
Content Snippet: Section 5: Rights of data subjects
    A data subject has the right to have his, her or its personal information processed in accordance with the conditions for the lawful processing of personal information, including the rightù
    (a) to be notified that personal information about him, her or it i...
------------------------------

--- Result 3 ---
Source: POPIA - Section 5
Content Snippet: Section 5: Rights of data subjects
    A data subject has the right to have his, her or its personal information processed in accordance with the conditions for the lawful processing of personal information, including the rightù
    (a) to be notified that personal information about him, her or it i...
------------------------------

